// Jest Snapshot v1, https://goo.gl/fbAQLP

exports[`ForecastSummaries renders the correct amount of props for ForecastSummaries 1`] = `
<DocumentFragment>
  <div
    class="forecast-summaries"
  >
    <div
      class="date"
      data-testid="date-id"
    >
      123
    </div>
    <div
      class="temperature"
      data-testid="temperature-id"
    >
      1234
    </div>
    <div
      class="description"
      data-testid="description-id"
    >
      date1
    </div>
    <div
      class="icon"
      data-testid="icon-id"
    >
      icon0
    </div>
    <div
      class="date"
      data-testid="date-id"
    >
      321
    </div>
    <div
      class="temperature"
      data-testid="temperature-id"
    >
      4321
    </div>
    <div
      class="description"
      data-testid="description-id"
    >
      date2
    </div>
    <div
      class="icon"
      data-testid="icon-id"
    >
      icon1
    </div>
    <div
      class="date"
      data-testid="date-id"
    >
      555
    </div>
    <div
      class="temperature"
      data-testid="temperature-id"
    >
      909
    </div>
    <div
      class="description"
      data-testid="description-id"
    >
      date3
    </div>
    <div
      class="icon"
      data-testid="icon-id"
    >
      icon3
    </div>
  </div>
</DocumentFragment>
`;
